
> ultramedia-studio@0.1.0 build
> vinext build


  vinext build  (Vite 8.0.13)

[1/5] analyze client references...
[2Ktransforming...✓ 230 modules transformed.
rendering chunks...
✓ built in 448ms
[2/5] analyze server references...
[2Ktransforming...✓ 873 modules transformed.
rendering chunks...
✓ built in 571ms
[3/5] build rsc environment...
[2Ktransforming...✓ 227 modules transformed.
rendering chunks...
computing gzip size...
✓ built in 353ms
[4/5] build client environment...
[2Ktransforming...✓ 2698 modules transformed.
rendering chunks...
computing gzip size...
✓ built in 1.12s
[5/5] build ssr environment...
[2Ktransforming...✓ 879 modules transformed.
rendering chunks...
computing gzip size...
✓ built in 560ms
[0m
  Route (app)
  ┌ ? /             
  ├ ? /observability
  ├ ? /races        
  ├ ? /studio       
  └ ? /week5        

  ? Unknown

  ? Some routes could not be classified. vinext currently uses static analysis
    and cannot detect dynamic API usage (headers(), cookies(), etc.) at build time.
    Automatic classification will be improved in a future release.

  Build complete. Run `vinext start` to start the production server.

